 10                             ]SVC[         10
  9                                            9
  8                       ]D[           ]F[    8
  7     *                                      7
  6                                            6
  5     *                                      5
  4                                            4
  3     *                                      3
  2           ]B[                              2
  1 v                                          1
  0     [A]         *     *       *            0
 -1                       *       *           -1
 -2                [*C]   *                   -2

